[PASS] allenacrepairpros.com -- home 2595 words, 4 symptoms, 3 local Q&As, 3 sourced facts
           307 words  /about/
           518 words  /contact/
          2595 words  /
[PASS] annarborgaragedoorrepairpros.com -- home 2867 words, 4 symptoms, 3 local Q&As, 3 sourced facts
           341 words  /about/
           531 words  /contact/
          2867 words  /
[PASS] appliancerepairtampaco.com -- home 2500 words, 4 symptoms, 3 local Q&As, 3 sourced facts
           327 words  /about/
           560 words  /contact/
          2500 words  /
[PASS] arlingtonbathroomremodelingpros.com -- home 2687 words, 4 symptoms, 3 local Q&As, 3 sourced facts
           351 words  /about/
           518 words  /contact/
          2687 words  /
[PASS] arvadaemergencyplumber.com -- home 2823 words, 4 symptoms, 3 local Q&As, 3 sourced facts
           323 words  /about/
           576 words  /contact/
          2823 words  /
[PASS] atlantadogbitelawyerpros.com -- home 2797 words, 4 symptoms, 3 local Q&As, 3 sourced facts
           348 words  /about/
           554 words  /contact/
          2797 words  /
[PASS] atlantaemergencyplumberpros.com -- home 2979 words, 4 symptoms, 3 local Q&As, 3 sourced facts
           309 words  /about/
           545 words  /contact/
          2979 words  /
[PASS] austinroofinspectionpros.com -- home 2655 words, 4 symptoms, 3 local Q&As, 3 sourced facts
           302 words  /about/
           531 words  /contact/
          2655 words  /
[PASS] austinwrongfuldeathlawyerpros.com -- home 2643 words, 4 symptoms, 3 local Q&As, 3 sourced facts
           317 words  /about/
           562 words  /contact/
          2643 words  /
[PASS] bellevuebathroomremodeling.com -- home 2545 words, 4 symptoms, 3 local Q&As, 3 sourced facts
           392 words  /about/
           528 words  /contact/
          2545 words  /
[PASS] birminghamtruckaccidentlawyerpros.com -- home 2659 words, 4 symptoms, 3 local Q&As, 3 sourced facts
           327 words  /about/
           568 words  /contact/
          2659 words  /
[PASS] bocaratongaragedoorrepairpros.com -- home 3084 words, 4 symptoms, 3 local Q&As, 3 sourced facts
           353 words  /about/
           650 words  /contact/
          3084 words  /
[PASS] carrolltongaragedoorrepairexperts.com -- home 2738 words, 4 symptoms, 3 local Q&As, 3 sourced facts
           353 words  /about/
           588 words  /contact/
          2738 words  /
[PASS] charlotteguttercleaningpros.com -- home 3008 words, 4 symptoms, 3 local Q&As, 3 sourced facts
           313 words  /about/
           564 words  /contact/
          3008 words  /
[PASS] cincinnatipersonalinjurylawyerpros.com -- home 2476 words, 4 symptoms, 3 local Q&As, 3 sourced facts
           324 words  /about/
           477 words  /contact/
          2476 words  /
[PASS] coloradospringsemergencyplumber.com -- home 2993 words, 4 symptoms, 3 local Q&As, 3 sourced facts
           350 words  /about/
           594 words  /contact/
          2993 words  /
[PASS] coloradospringsfurnacerepair.com -- home 2881 words, 4 symptoms, 3 local Q&As, 3 sourced facts
           319 words  /about/
           630 words  /contact/
          2881 words  /
[PASS] coloradospringsmoldremediationexperts.com -- home 2791 words, 4 symptoms, 3 local Q&As, 3 sourced facts
           353 words  /about/
           546 words  /contact/
          2791 words  /
[PASS] concordcaraccidentlawyerpros.com -- home 2524 words, 4 symptoms, 3 local Q&As, 3 sourced facts
           352 words  /about/
           528 words  /contact/
          2524 words  /
[PASS] concordpersonalinjurylawyer.com -- home 2756 words, 4 symptoms, 3 local Q&As, 3 sourced facts
           354 words  /about/
           548 words  /contact/
          2756 words  /
[PASS] dallaswindowreplacementexperts.com -- home 2763 words, 4 symptoms, 3 local Q&As, 3 sourced facts
           286 words  /about/
           505 words  /contact/
          2763 words  /
[PASS] dallaswrongfuldeathlawyerpros.com -- home 3022 words, 4 symptoms, 3 local Q&As, 3 sourced facts
           394 words  /about/
           667 words  /contact/
          3022 words  /
[PASS] danvillegaragedoorrepairpros.com -- home 2845 words, 4 symptoms, 3 local Q&As, 3 sourced facts
           324 words  /about/
           539 words  /contact/
          2845 words  /
[PASS] denverdivorcelawyerpros.com -- home 2548 words, 4 symptoms, 3 local Q&As, 3 sourced facts
           326 words  /about/
           567 words  /contact/
          2548 words  /
[PASS] denverfurnacerepairpros.com -- home 2745 words, 4 symptoms, 3 local Q&As, 3 sourced facts
           431 words  /about/
           489 words  /contact/
          2745 words  /
[PASS] edenprairiegaragedoorrepairpros.com -- home 2893 words, 4 symptoms, 3 local Q&As, 3 sourced facts
           353 words  /about/
           567 words  /contact/
          2893 words  /
[PASS] fortlauderdaledomesticviolencelawyer.com -- home 2688 words, 4 symptoms, 3 local Q&As, 3 sourced facts
           378 words  /about/
           626 words  /contact/
          2688 words  /
[PASS] fortworthgaragedoorrepairpros.com -- home 2038 words, 4 symptoms, 3 local Q&As, 3 sourced facts
           329 words  /about/
           624 words  /contact/
          1444 words  /garage-door-opener-repair/
          1450 words  /garage-door-replacement/
          1482 words  /garage-door-spring-repair/
          2038 words  /
          1482 words  /off-track-garage-door-repair/
           569 words  /services/
[PASS] foundationrepairaustinco.com -- home 2707 words, 4 symptoms, 3 local Q&As, 3 sourced facts
           317 words  /about/
           529 words  /contact/
          2707 words  /
[PASS] fresnowrongfuldeathlawyerpros.com -- home 2730 words, 4 symptoms, 3 local Q&As, 3 sourced facts
           353 words  /about/
           574 words  /contact/
          2730 words  /
[PASS] friscogaragedoorrepairexperts.com -- home 2610 words, 4 symptoms, 3 local Q&As, 3 sourced facts
           374 words  /about/
           516 words  /contact/
          2610 words  /
[PASS] garagedoorrepairnapervillepros.com -- home 2144 words, 4 symptoms, 3 local Q&As, 3 sourced facts
           313 words  /about/
           606 words  /contact/
          1213 words  /garage-door-opener-repair/
          1236 words  /garage-door-replacement/
          1228 words  /garage-door-spring-repair/
          2144 words  /
          1230 words  /off-track-garage-door-repair/
           533 words  /services/
[PASS] garlandgaragedoorrepairexperts.com -- home 2940 words, 4 symptoms, 3 local Q&As, 3 sourced facts
           321 words  /about/
           595 words  /contact/
          2940 words  /
[PASS] harrisburgcaraccidentlawyerpros.com -- home 2785 words, 4 symptoms, 3 local Q&As, 3 sourced facts
           336 words  /about/
           539 words  /contact/
          2785 words  /
[PASS] houstonmotorcycleaccidentlawyerpros.com -- home 2865 words, 4 symptoms, 3 local Q&As, 3 sourced facts
           363 words  /about/
           616 words  /contact/
          2865 words  /
[PASS] jacksonvilleemergencyplumberpros.com -- home 2703 words, 4 symptoms, 3 local Q&As, 3 sourced facts
           330 words  /about/
           531 words  /contact/
          2703 words  /
[PASS] jacksonvillewrongfuldeathlawyerpros.com -- home 2754 words, 4 symptoms, 3 local Q&As, 3 sourced facts
           360 words  /about/
           592 words  /contact/
          2754 words  /
[PASS] jonesboropersonalinjurylawyerpros.com -- home 2532 words, 4 symptoms, 3 local Q&As, 3 sourced facts
           376 words  /about/
           556 words  /contact/
          2532 words  /
[PASS] kansascityemergencyplumber.com -- home 2993 words, 4 symptoms, 3 local Q&As, 3 sourced facts
           367 words  /about/
           634 words  /contact/
          2993 words  /
[PASS] lasvegasdogbitelawyerpros.com -- home 2768 words, 4 symptoms, 3 local Q&As, 3 sourced facts
           418 words  /about/
           568 words  /contact/
          2768 words  /
[PASS] longbeachpersonalinjurylawyerpros.com -- home 2455 words, 4 symptoms, 3 local Q&As, 3 sourced facts
           348 words  /about/
           498 words  /contact/
          2455 words  /
[PASS] losangelesacinstall.com -- home 2933 words, 4 symptoms, 3 local Q&As, 3 sourced facts
           329 words  /about/
           595 words  /contact/
          2933 words  /
[PASS] losangelesdogbitelawyerpros.com -- home 2683 words, 4 symptoms, 3 local Q&As, 3 sourced facts
           423 words  /about/
           547 words  /contact/
          2683 words  /
[PASS] louisvillecaraccidentlawyerpros.com -- home 2641 words, 4 symptoms, 3 local Q&As, 3 sourced facts
           331 words  /about/
           550 words  /contact/
          2641 words  /
[PASS] mariettagaragedoorrepairpros.com -- home 2657 words, 4 symptoms, 3 local Q&As, 3 sourced facts
           301 words  /about/
           534 words  /contact/
          2657 words  /
[PASS] mckinneygaragedoorrepairpros.com -- home 3072 words, 4 symptoms, 3 local Q&As, 3 sourced facts
           362 words  /about/
           627 words  /contact/
          3072 words  /
[PASS] mesquiteacrepairpros.com -- home 2954 words, 4 symptoms, 3 local Q&As, 3 sourced facts
           336 words  /about/
           580 words  /contact/
          2954 words  /
[PASS] modestoacrepairpros.com -- home 3035 words, 4 symptoms, 3 local Q&As, 3 sourced facts
           361 words  /about/
           702 words  /contact/
          3035 words  /
[PASS] modestocaraccidentlawyerpros.com -- home 2520 words, 4 symptoms, 3 local Q&As, 3 sourced facts
           339 words  /about/
           493 words  /contact/
          2520 words  /
[PASS] modestopersonalinjurylawyerpros.com -- home 2529 words, 4 symptoms, 3 local Q&As, 3 sourced facts
           351 words  /about/
           560 words  /contact/
          2529 words  /
[PASS] neworleansmotorcycleaccidentlawyerpros.com -- home 2841 words, 4 symptoms, 3 local Q&As, 3 sourced facts
           349 words  /about/
           616 words  /contact/
          2841 words  /
[PASS] newportbeachduilawyerpros.com -- home 2618 words, 4 symptoms, 3 local Q&As, 3 sourced facts
           369 words  /about/
           540 words  /contact/
          2618 words  /
[PASS] newyorkdogbitelawyerpros.com -- home 2629 words, 4 symptoms, 3 local Q&As, 3 sourced facts
           327 words  /about/
           561 words  /contact/
          2629 words  /
[PASS] oceansidepersonalinjurylawyerpros.com -- home 2795 words, 4 symptoms, 3 local Q&As, 3 sourced facts
           341 words  /about/
           506 words  /contact/
          2795 words  /
[PASS] orlandoduilawyerpros.com -- home 2470 words, 4 symptoms, 3 local Q&As, 3 sourced facts
           345 words  /about/
           573 words  /contact/
          2470 words  /
[PASS] orlandomovingcompanypros.com -- home 3038 words, 4 symptoms, 3 local Q&As, 3 sourced facts
           356 words  /about/
           618 words  /contact/
          3038 words  /
[PASS] overlandparkgaragedoorrepairpros.com -- home 2811 words, 4 symptoms, 3 local Q&As, 3 sourced facts
           341 words  /about/
           577 words  /contact/
          2811 words  /
[PASS] oxnardcaraccidentlawyerpros.com -- home 2625 words, 4 symptoms, 3 local Q&As, 3 sourced facts
           313 words  /about/
           550 words  /contact/
          2625 words  /
[PASS] parkergaragedoorrepairexperts.com -- home 2687 words, 4 symptoms, 3 local Q&As, 3 sourced facts
           344 words  /about/
           608 words  /contact/
          2687 words  /
[PASS] phoenixleakdetectionpros.com -- home 2805 words, 4 symptoms, 3 local Q&As, 3 sourced facts
           324 words  /about/
           556 words  /contact/
          2805 words  /
[PASS] raleighmovingcompanypros.com -- home 2595 words, 4 symptoms, 3 local Q&As, 3 sourced facts
           310 words  /about/
           571 words  /contact/
          2595 words  /
[PASS] sacramentoacrepair.com -- home 3129 words, 4 symptoms, 3 local Q&As, 3 sourced facts
           353 words  /about/
           645 words  /contact/
          3129 words  /
[PASS] sacramentodogbitelawyerpros.com -- home 2730 words, 4 symptoms, 3 local Q&As, 3 sourced facts
           294 words  /about/
           500 words  /contact/
          2730 words  /
[PASS] salinascaraccidentlawyer.com -- home 2639 words, 4 symptoms, 3 local Q&As, 3 sourced facts
           318 words  /about/
           560 words  /contact/
          2639 words  /
[PASS] sandiegodogbitelawyerpros.com -- home 2980 words, 4 symptoms, 3 local Q&As, 3 sourced facts
           428 words  /about/
           665 words  /contact/
          2980 words  /
[PASS] sandiegoleakdetectionpros.com -- home 2838 words, 4 symptoms, 3 local Q&As, 3 sourced facts
           356 words  /about/
           584 words  /contact/
          2838 words  /
[PASS] sandiegowrongfulterminationlaw.com -- home 2745 words, 4 symptoms, 3 local Q&As, 3 sourced facts
           384 words  /about/
           555 words  /contact/
          2745 words  /
[PASS] sanjoseduilawyerpros.com -- home 2841 words, 4 symptoms, 3 local Q&As, 3 sourced facts
           463 words  /about/
           635 words  /contact/
          2841 words  /
[PASS] sanjoseemergencyplumberpros.com -- home 3076 words, 4 symptoms, 3 local Q&As, 3 sourced facts
           398 words  /about/
           688 words  /contact/
          3076 words  /
[PASS] sanjosemovingcompanypros.com -- home 2763 words, 4 symptoms, 3 local Q&As, 3 sourced facts
           305 words  /about/
           500 words  /contact/
          2763 words  /
[PASS] santaanapersonalinjurylawyerpros.com -- home 2588 words, 4 symptoms, 3 local Q&As, 3 sourced facts
           322 words  /about/
           526 words  /contact/
          2588 words  /
[PASS] santabarbaracaraccidentlawyer.com -- home 2504 words, 4 symptoms, 3 local Q&As, 3 sourced facts
           356 words  /about/
           564 words  /contact/
          2504 words  /
[FAIL] scottsdalegaragedoorrepairpros.com -- home 2753 words, 4 symptoms, 3 local Q&As, 3 sourced facts
  [ERROR] copy.md shares 7 15-word runs with bocaratongaragedoorrepairpros.com, e.g. "adult presses the control if the chain or belt moves but the door does not..."
[PASS] tampacriminaldefenselawyerpros.com -- home 3091 words, 4 symptoms, 3 local Q&As, 3 sourced facts
           408 words  /about/
           674 words  /contact/
          3091 words  /
[PASS] tampatileroofrepair.com -- home 2484 words, 4 symptoms, 3 local Q&As, 3 sourced facts
           319 words  /about/
           533 words  /contact/
          2484 words  /
[PASS] tempeduilawyerpros.com -- home 2588 words, 4 symptoms, 3 local Q&As, 3 sourced facts
           382 words  /about/
           563 words  /contact/
          2588 words  /
[PASS] tucsonemergencyplumberpros.com -- home 2493 words, 4 symptoms, 3 local Q&As, 3 sourced facts
           375 words  /about/
           515 words  /contact/
          2493 words  /
[PASS] victorvillecaraccidentlawyerpros.com -- home 2752 words, 4 symptoms, 3 local Q&As, 3 sourced facts
           339 words  /about/
           584 words  /contact/
          2752 words  /
[PASS] virginiabeachcaraccidentlawyerpros.com -- home 2801 words, 4 symptoms, 3 local Q&As, 3 sourced facts
           410 words  /about/
           612 words  /contact/
          2801 words  /
[PASS] virginiabeachpersonalinjurylawyerpros.com -- home 2761 words, 4 symptoms, 3 local Q&As, 3 sourced facts
           354 words  /about/
           523 words  /contact/
          2761 words  /
[FAIL] waterdamageaustinco.com -- home 2790 words, 4 symptoms, 3 local Q&As, 3 sourced facts
  [ERROR] unverifiable pre-tenant claim on page: 'thousands of'
[FAIL] westcovinacaraccidentlawyerpros.com -- home 2907 words, 4 symptoms, 3 local Q&As, 3 sourced facts
  [ERROR] copy.md shares 13 15-word runs with oxnardcaraccidentlawyerpros.com, e.g. "another urgent medical concern after a crash call 911 or seek emergency care immediately r..."

1 site(s) skipped as unwritten drafts (no copy, no sourced facts). `python3 scaffold.py --status` lists what each one still needs.
